---
source: tests/info_snapshots.rs
expression: json
---
{
  "contexts": [],
  "evidence": [
    {
      "confidence": 1.0,
      "key": "terminal.stdin.tty",
      "signal": "tty",
      "supports": [
        "terminal.stdin.tty"
      ],
      "value": "false"
    },
    {
      "confidence": 1.0,
      "key": "terminal.stdout.tty",
      "signal": "tty",
      "supports": [
        "terminal.stdout.tty"
      ],
      "value": "false"
    },
    {
      "confidence": 1.0,
      "key": "terminal.stderr.tty",
      "signal": "tty",
      "supports": [
        "terminal.stderr.tty"
      ],
      "value": "false"
    },
    {
      "confidence": 1.0,
      "key": "terminal.interactive",
      "signal": "tty",
      "supports": [
        "terminal.interactive"
      ],
      "value": "false"
    }
  ],
  "facets": {
    "host": "unknown"
  },
  "meta": {
    "schema_version": "0.3.0"
  },
  "traits": {
    "color_level": "none",
    "is_interactive": false,
    "is_piped_stdin": true,
    "is_piped_stdout": true,
    "is_tty_stderr": false,
    "is_tty_stdin": false,
    "is_tty_stdout": false,
    "supports_hyperlinks": false
  }
}
